[2026-04-29 18:05:08] [INFO] Starting Database Migrations...
[2026-04-29 18:05:08] [INFO] Migrating Stack 2: Laravel (MySQL)...

   INFO  Nothing to migrate.  

[2026-04-29 18:05:08] [INFO] Migrating Stack 1: Express (PostgreSQL)...
npm ERR! Missing script: "migrate"
npm ERR! 
npm ERR! To see a list of scripts, run:
npm ERR!   npm run

npm ERR! A complete log of this run can be found in: /home/vibhavkhaneja/.npm/_logs/2026-04-29T12_35_08_396Z-debug-0.log
[2026-04-29 18:05:08] [INFO] Migrating Stack 3: FastAPI (MySQL)...
FastAPI migrations checked.
[2026-04-29 18:05:08] [INFO] All automated migrations completed. Databases are SYNCED.
[2026-04-29 18:16:37] [INFO] Starting Database Migrations...
[2026-04-29 18:16:37] [INFO] Migrating Stack 2: Laravel (MySQL)...

   INFO  Nothing to migrate.  

[2026-04-29 18:16:37] [INFO] Migrating Stack 1: Express (PostgreSQL)...
npm ERR! Missing script: "migrate"
npm ERR! 
npm ERR! To see a list of scripts, run:
npm ERR!   npm run

npm ERR! A complete log of this run can be found in: /home/vibhavkhaneja/.npm/_logs/2026-04-29T12_46_37_973Z-debug-0.log
[2026-04-29 18:16:38] [INFO] Migrating Stack 3: FastAPI (MySQL)...
FastAPI migrations checked.
[2026-04-29 18:16:38] [INFO] All automated migrations completed. Databases are SYNCED.
[2026-04-29 18:24:33] [INFO] Starting Database Migrations...
[2026-04-29 18:24:33] [INFO] Migrating Stack 2: Laravel (MySQL)...

   INFO  Nothing to migrate.  

[2026-04-29 18:24:33] [INFO] Migrating Stack 1: Express (PostgreSQL)...
CREATE TABLE
[2026-04-29 18:26:18] [INFO] Migrating Stack 3: FastAPI (MySQL)...
mysql: [Warning] Using a password on the command line interface can be insecure.
[2026-04-29 18:26:18] [INFO] All automated migrations completed. Databases are SYNCED.
