2026-04-29T16:09:01: 
2026-04-29T16:09:01: > next-frontend@0.1.0 dev
2026-04-29T16:09:01: > next dev -p 3001
2026-04-29T16:09:01: 
2026-04-29T16:09:01: ▲ Next.js 16.2.4 (Turbopack)
2026-04-29T16:09:01: - Local:         http://localhost:3001
2026-04-29T16:09:01: - Network:       http://10.10.1.171:3001
2026-04-29T16:09:01: - Environments: .env.local
2026-04-29T16:09:01: ✓ Ready in 281ms
2026-04-29T16:09:02: 
2026-04-29T16:22:31:  GET / 200 in 279ms (next.js: 129ms, application-code: 149ms)
2026-04-29T16:22:33:  GET / 200 in 36ms (next.js: 5ms, application-code: 31ms)
2026-04-29T16:22:34:  GET / 200 in 29ms (next.js: 3ms, application-code: 26ms)
2026-04-29T16:25:33:  GET / 200 in 38ms (next.js: 4ms, application-code: 33ms)
2026-04-29T16:35:28: [?25h
2026-04-29T16:35:29: 
2026-04-29T16:35:29: > next-frontend@0.1.0 dev
2026-04-29T16:35:29: > next dev -p 3001
2026-04-29T16:35:29: 
2026-04-29T16:35:29: ▲ Next.js 16.2.4 (Turbopack)
2026-04-29T16:35:29: - Local:         http://localhost:3001
2026-04-29T16:35:29: - Network:       http://10.10.1.171:3001
2026-04-29T16:35:29: - Environments: .env.local
2026-04-29T16:35:29: ✓ Ready in 273ms
2026-04-29T16:35:29: 
2026-04-29T16:35:30:  GET / 200 in 298ms (next.js: 120ms, application-code: 177ms)
2026-04-29T16:53:07:  GET / 200 in 45ms (next.js: 8ms, application-code: 37ms)
