2026-04-29T16:09:01: ⚠ You are using a non-standard "NODE_ENV" value in your environment. This creates inconsistencies in the project and is strongly advised against. Read more: https://nextjs.org/docs/messages/non-standard-node-env
2026-04-29T16:09:01: ⚠ Warning: Next.js inferred your workspace root, but it may not be correct.
2026-04-29T16:09:01:  We detected multiple lockfiles and selected the directory of /home/vibhavkhaneja/package-lock.json as the root directory.
2026-04-29T16:09:01:  To silence this warning, set `turbopack.root` in your Next.js config, or consider removing one of the lockfiles if it's not needed.
2026-04-29T16:09:01:    See https://nextjs.org/docs/app/api-reference/config/next-config-js/turbopack#root-directory for more information.
2026-04-29T16:09:01:  Detected additional lockfiles: 
2026-04-29T16:09:01:    * /home/vibhavkhaneja/MLOps-Training/week2/day4-applications/next-frontend/package-lock.json
2026-04-29T16:09:01: 
2026-04-29T16:22:31: [browser] Failed to fetch tasks: TypeError: Failed to fetch
2026-04-29T16:22:31:     at Dashboard[useEffect()] (src/app/page.js:10:5)
2026-04-29T16:22:31:    8 |   // This runs automatically when the page loads
2026-04-29T16:22:31:    9 |   useEffect(() => {
2026-04-29T16:22:31: > 10 |     fetch(`${process.env.NEXT_PUBLIC_LARAVEL_API}/tasks`)
2026-04-29T16:22:31:      |     ^
2026-04-29T16:22:31:   11 |       .then((res) => res.json())
2026-04-29T16:22:31:   12 |       .then((data) => {
2026-04-29T16:22:31:   13 |         setTasks(data); (anonymous)
2026-04-29T16:22:33: [browser] Failed to fetch tasks: TypeError: Failed to fetch
2026-04-29T16:22:33:     at Dashboard[useEffect()] (src/app/page.js:10:5)
2026-04-29T16:22:33:    8 |   // This runs automatically when the page loads
2026-04-29T16:22:33:    9 |   useEffect(() => {
2026-04-29T16:22:33: > 10 |     fetch(`${process.env.NEXT_PUBLIC_LARAVEL_API}/tasks`)
2026-04-29T16:22:33:      |     ^
2026-04-29T16:22:33:   11 |       .then((res) => res.json())
2026-04-29T16:22:33:   12 |       .then((data) => {
2026-04-29T16:22:33:   13 |         setTasks(data); (anonymous)
2026-04-29T16:22:34: [browser] Failed to fetch tasks: TypeError: Failed to fetch
2026-04-29T16:22:34:     at Dashboard[useEffect()] (src/app/page.js:10:5)
2026-04-29T16:22:34:    8 |   // This runs automatically when the page loads
2026-04-29T16:22:34:    9 |   useEffect(() => {
2026-04-29T16:22:34: > 10 |     fetch(`${process.env.NEXT_PUBLIC_LARAVEL_API}/tasks`)
2026-04-29T16:22:34:      |     ^
2026-04-29T16:22:34:   11 |       .then((res) => res.json())
2026-04-29T16:22:34:   12 |       .then((data) => {
2026-04-29T16:22:34:   13 |         setTasks(data); (anonymous)
2026-04-29T16:25:34: [browser] Failed to fetch tasks: TypeError: Failed to fetch
2026-04-29T16:25:34:     at Dashboard[useEffect()] (src/app/page.js:10:5)
2026-04-29T16:25:34:    8 |   // This runs automatically when the page loads
2026-04-29T16:25:34:    9 |   useEffect(() => {
2026-04-29T16:25:34: > 10 |     fetch(`${process.env.NEXT_PUBLIC_LARAVEL_API}/tasks`)
2026-04-29T16:25:34:      |     ^
2026-04-29T16:25:34:   11 |       .then((res) => res.json())
2026-04-29T16:25:34:   12 |       .then((data) => {
2026-04-29T16:25:34:   13 |         setTasks(data); (anonymous)
2026-04-29T16:35:29: ⚠ You are using a non-standard "NODE_ENV" value in your environment. This creates inconsistencies in the project and is strongly advised against. Read more: https://nextjs.org/docs/messages/non-standard-node-env
2026-04-29T16:35:29: ⚠ Warning: Next.js inferred your workspace root, but it may not be correct.
2026-04-29T16:35:29:  We detected multiple lockfiles and selected the directory of /home/vibhavkhaneja/package-lock.json as the root directory.
2026-04-29T16:35:29:  To silence this warning, set `turbopack.root` in your Next.js config, or consider removing one of the lockfiles if it's not needed.
2026-04-29T16:35:29:    See https://nextjs.org/docs/app/api-reference/config/next-config-js/turbopack#root-directory for more information.
2026-04-29T16:35:29:  Detected additional lockfiles: 
2026-04-29T16:35:29:    * /home/vibhavkhaneja/MLOps-Training/week2/day4-applications/next-frontend/package-lock.json
2026-04-29T16:35:29: 
2026-04-29T16:35:46: [browser] Failed to fetch tasks: TypeError: Failed to fetch
2026-04-29T16:35:46:     at Dashboard[useEffect()] (src/app/page.js:10:5)
2026-04-29T16:35:46:    8 |   // This runs automatically when the page loads
2026-04-29T16:35:46:    9 |   useEffect(() => {
2026-04-29T16:35:46: > 10 |     fetch(`${process.env.NEXT_PUBLIC_LARAVEL_API}/tasks`)
2026-04-29T16:35:46:      |     ^
2026-04-29T16:35:46:   11 |       .then((res) => res.json())
2026-04-29T16:35:46:   12 |       .then((data) => {
2026-04-29T16:35:46:   13 |         setTasks(data); (anonymous)
